[thetheme.io/flaty/index.html]
[backblue.gif]
[fade.gif]
[index.html]
[thetheme.io/flaty/img/demo/avatar/avatar2.jpg]
[thetheme.io/flaty/img/demo/avatar/avatar3.jpg]
[thetheme.io/flaty/img/demo/avatar/avatar4.jpg]
[thetheme.io/flaty/img/demo/avatar/avatar5.jpg]
[thetheme.io/flaty/img/demo/avatar/avatar1.jpg]
[thetheme.io/flaty/index-2.html]
[thetheme.io/flaty/typography.html]
[thetheme.io/flaty/ui_general.html]
[thetheme.io/flaty/ui_button.html]
[thetheme.io/flaty/ui_tabs.html]
[thetheme.io/flaty/ui_slider.html]
[thetheme.io/flaty/ui_tile.html]
[thetheme.io/flaty/ui_timeline.html]
[thetheme.io/flaty/ui_chart.html]
[thetheme.io/flaty/ui_message.html]
[thetheme.io/flaty/ui_horizontal-menu.html]
[thetheme.io/flaty/ui_icon.html]
[thetheme.io/flaty/form_layout.html]
[thetheme.io/flaty/form_wizard.html]
[thetheme.io/flaty/form_validation.html]
[thetheme.io/flaty/form_component.html]
[thetheme.io/flaty/table_basic.html]
[thetheme.io/flaty/table_advance.html]
[thetheme.io/flaty/table_dynamic.html]
[thetheme.io/flaty/map_google.html]
[thetheme.io/flaty/map_vector.html]
[thetheme.io/flaty/box.html]
[thetheme.io/flaty/calendar.html]
[thetheme.io/flaty/gallery.html]
[thetheme.io/flaty/grid.html]
[thetheme.io/flaty/extra_login.html]
[thetheme.io/flaty/extra_mail-list.html]
[thetheme.io/flaty/extra_mail-compose.html]
[thetheme.io/flaty/extra_mail-msg.html]
[thetheme.io/flaty/extra_profile.html]
[thetheme.io/flaty/extra_invoice.html]
[thetheme.io/flaty/extra_search.html]
[thetheme.io/flaty/more_full-width.html]
[thetheme.io/flaty/more_error-404.html]
[thetheme.io/flaty/more_blank.html]
[thetheme.io/flaty/more_error-500.html]
[thetheme.io/flaty/more_set-skin.html]
[thetheme.io/flaty/more_set-sidebar-navbar-color.html]
[thetheme.io/flaty/more_sidebar-collapsed.html]
[thetheme.io/flaty/img/demo/wp-logo.png]
[thetheme.io/flaty/img/demo/gallery/5.jpg]
[ajax.googleapis.com/ajax/libs/jquery/2.1.1/jquery.min.js]
[thetheme.io/flaty/assets/jquery/jquery-2.1.1.min.js]
[thetheme.io/flaty/assets/bootstrap/js/bootstrap.min.js]
[thetheme.io/flaty/assets/jquery-slimscroll/jquery.slimscroll.min.js]
[thetheme.io/flaty/assets/jquery-cookie/jquery.cookie.js]
[thetheme.io/flaty/assets/flot/jquery.flot.js]
[thetheme.io/flaty/assets/flot/jquery.flot.resize.js]
[thetheme.io/flaty/assets/flot/jquery.flot.pie.js]
[thetheme.io/flaty/assets/flot/jquery.flot.stack.js]
[thetheme.io/flaty/assets/flot/jquery.flot.crosshair.js]
[thetheme.io/flaty/assets/flot/jquery.flot.tooltip.min.js]
[thetheme.io/flaty/assets/sparkline/jquery.sparkline.min.js]
[thetheme.io/flaty/js/flaty.js]
[thetheme.io/flaty/js/flaty-demo-codes.js]
[thetheme.io/flaty/index.html]
[thetheme.io/flaty/assets/bootstrap/fonts/glyphicons-halflings-regular.eot]
[thetheme.io/flaty/assets/bootstrap/fonts/glyphicons-halflings-regular.woff]
[thetheme.io/flaty/assets/bootstrap/fonts/glyphicons-halflings-regulard41d.eot]
[thetheme.io/flaty/assets/bootstrap/fonts/glyphicons-halflings-regular.ttf]
[thetheme.io/flaty/assets/bootstrap/css/bootstrap.min.css]
[thetheme.io/flaty/assets/font-awesome/fonts/fontawesome-webfont862f.eot]
[thetheme.io/flaty/assets/font-awesome/fonts/fontawesome-webfontd41d.eot]
[thetheme.io/flaty/assets/font-awesome/fonts/fontawesome-webfont862f.woff]
[thetheme.io/flaty/assets/font-awesome/fonts/fontawesome-webfont862f.ttf]
[thetheme.io/flaty/assets/font-awesome/css/font-awesome.min.css]
[thetheme.io/flaty/css/flaty.css]
[thetheme.io/flaty/css/flaty-responsive.css]
[thetheme.io/flaty/img/favicon.html]
[thetheme.io/flaty/index-2.html]
[thetheme.io/flaty/typography.html]
[thetheme.io/flaty/assets/code-prettify/code-prettify.js]
[thetheme.io/flaty/assets/gritter/js/jquery.gritter.js]
[thetheme.io/flaty/ui_general.html]
[thetheme.io/flaty/ui_button.html]
[thetheme.io/flaty/ui_tabs.html]
[thetheme.io/flaty/assets/jquery-ui/jquery-ui.min.js]
[thetheme.io/flaty/assets/jquery-knob/jquery.knob.js]
[thetheme.io/flaty/ui_slider.html]
[thetheme.io/flaty/img/demo/gallery/6.jpg]
[thetheme.io/flaty/ui_tile.html]
[thetheme.io/flaty/ui_timeline.html]
[thetheme.io/flaty/ui_chart.html]
[thetheme.io/flaty/ui_message.html]
[thetheme.io/flaty/ui_horizontal-menu.html]
[thetheme.io/flaty/ui_icon.html]
[thetheme.io/flaty/form_layout.html]
[thetheme.io/flaty/assets/bootstrap-duallistbox/index.html]
[thetheme.io/flaty/assets/bootstrap-switch/examples/index.html]
[thetheme.io/flaty/assets/chosen-bootstrap/chosen.jquery.min.js]
[thetheme.io/flaty/assets/bootstrap-inputmask/bootstrap-inputmask.min.js]
[thetheme.io/flaty/assets/jquery-tags-input/jquery.tagsinput.min.js]
[thetheme.io/flaty/assets/jquery-pwstrength/jquery.pwstrength.min.js]
[thetheme.io/flaty/assets/bootstrap-fileupload/bootstrap-fileupload.min.js]
[thetheme.io/flaty/assets/bootstrap-duallistbox/duallistbox/bootstrap-duallistbox.js]
[thetheme.io/flaty/assets/dropzone/downloads/dropzone.min.js]
[thetheme.io/flaty/assets/bootstrap-timepicker/js/bootstrap-timepicker.js]
[thetheme.io/flaty/assets/clockface/js/clockface.js]
[thetheme.io/flaty/assets/bootstrap-colorpicker/js/bootstrap-colorpicker.js]
[thetheme.io/flaty/assets/bootstrap-datepicker/js/bootstrap-datepicker.js]
[thetheme.io/flaty/assets/bootstrap-daterangepicker/date.js]
[thetheme.io/flaty/assets/bootstrap-daterangepicker/daterangepicker.js]
[thetheme.io/flaty/assets/bootstrap-switch/static/js/bootstrap-switch.js]
[thetheme.io/flaty/assets/bootstrap-wysihtml5/wysihtml5-0.3.0.js]
[thetheme.io/flaty/assets/bootstrap-wysihtml5/bootstrap-wysihtml5.js]
[thetheme.io/flaty/assets/ckeditor/ckeditor.js]
[thetheme.io/flaty/form_component.html]
[thetheme.io/flaty/assets/bootstrap-wizard/jquery.bootstrap.wizard.js]
[thetheme.io/flaty/assets/jquery-validation/dist/jquery.validate.min.js]
[thetheme.io/flaty/assets/jquery-validation/dist/additional-methods.min.js]
[thetheme.io/flaty/form_wizard.html]
[thetheme.io/flaty/form_validation.html]
[thetheme.io/flaty/table_basic.html]
[thetheme.io/flaty/table_advance.html]
[thetheme.io/flaty/assets/data-tables/jquery.dataTables.js]
[thetheme.io/flaty/assets/data-tables/bootstrap3/dataTables.bootstrap.js]
[thetheme.io/flaty/table_dynamic.html]
[thetheme.io/flaty/assets/gmaps/gmaps.js]
[thetheme.io/flaty/map_google.html]
[thetheme.io/flaty/assets/jqvmap/jqvmap/jquery.vmap.min.js]
[thetheme.io/flaty/assets/jqvmap/jqvmap/maps/jquery.vmap.world.js]
[thetheme.io/flaty/assets/jqvmap/jqvmap/maps/jquery.vmap.usa.js]
[thetheme.io/flaty/assets/jqvmap/jqvmap/maps/jquery.vmap.germany.js]
[thetheme.io/flaty/assets/jqvmap/jqvmap/maps/jquery.vmap.europe.js]
[thetheme.io/flaty/assets/jqvmap/jqvmap/data/jquery.vmap.sampledata.js]
[thetheme.io/flaty/map_vector.html]
[thetheme.io/flaty/box.html]
[thetheme.io/flaty/assets/fullcalendar/fullcalendar/fullcalendar.min.js]
[thetheme.io/flaty/calendar.html]
[thetheme.io/flaty/img/demo/gallery/1.jpg]
[thetheme.io/flaty/img/demo/gallery/1_thumb.jpg]
[thetheme.io/flaty/img/demo/gallery/2.jpg]
[thetheme.io/flaty/img/demo/gallery/2_thumb.jpg]
[thetheme.io/flaty/img/demo/gallery/3.jpg]
[thetheme.io/flaty/img/demo/gallery/3_thumb.jpg]
[thetheme.io/flaty/img/demo/gallery/4.jpg]
[thetheme.io/flaty/img/demo/gallery/4_thumb.jpg]
[thetheme.io/flaty/img/demo/gallery/5_thumb.jpg]
[thetheme.io/flaty/img/demo/gallery/6_thumb.jpg]
[thetheme.io/flaty/img/demo/gallery/7.jpg]
[thetheme.io/flaty/img/demo/gallery/7_thumb.jpg]
[thetheme.io/flaty/img/demo/gallery/8.jpg]
[thetheme.io/flaty/img/demo/gallery/8_thumb.jpg]
[thetheme.io/flaty/img/demo/gallery/9.jpg]
[thetheme.io/flaty/img/demo/gallery/9_thumb.jpg]
[thetheme.io/flaty/img/demo/gallery/10.jpg]
[thetheme.io/flaty/img/demo/gallery/10_thumb.jpg]
[thetheme.io/flaty/assets/prettyPhoto/js/jquery.prettyPhoto.js]
[thetheme.io/flaty/gallery.html]
[thetheme.io/flaty/grid.html]
[thetheme.io/flaty/extra_login.html]
[thetheme.io/flaty/extra_mail-list.html]
[thetheme.io/flaty/extra_mail-msg.html]
[thetheme.io/flaty/extra_mail-compose.html]
[thetheme.io/flaty/img/demo/profile-picture.jpg]
[thetheme.io/flaty/extra_profile.html]
[thetheme.io/flaty/extra_invoice.html]
[thetheme.io/flaty/img/demo/80x80.gif]
[thetheme.io/flaty/extra_search.html]
[thetheme.io/flaty/more_blank.html]
[thetheme.io/flaty/more_full-width.html]
[thetheme.io/flaty/more_error-404.html]
[thetheme.io/flaty/more_error-500.html]
[thetheme.io/flaty/more_set-skin.html]
[thetheme.io/flaty/more_set-sidebar-navbar-color.html]
[thetheme.io/flaty/more_sidebar-collapsed.html]
[thetheme.io/flaty/assets/bootstrap/fonts/glyphicons-halflings-regular.svg]
[thetheme.io/flaty/assets/font-awesome/fonts/fontawesome-webfont862f.svg]
[thetheme.io/flaty/assets/code-prettify/code-prettify.css]
[thetheme.io/flaty/assets/gritter/images/ie-spacer.gif]
[thetheme.io/flaty/assets/gritter/images/gritter.png]
[thetheme.io/flaty/assets/gritter/images/gritter-light.png]
[thetheme.io/flaty/assets/gritter/css/jquery.gritter.css]
[thetheme.io/flaty/assets/jquery-ui/jquery-ui.min.css]
[thetheme.io/flaty/assets/chosen-bootstrap/chosen-sprite.png]
[thetheme.io/flaty/assets/chosen-bootstrap/chosen-sprite@2x.png]
[thetheme.io/flaty/assets/chosen-bootstrap/chosen.min.css]
[thetheme.io/flaty/assets/jquery-tags-input/jquery.tagsinput.css]
[thetheme.io/flaty/assets/jquery-pwstrength/jquery.pwstrength.css]
[thetheme.io/flaty/assets/bootstrap-fileupload/bootstrap-fileupload.css]
[thetheme.io/flaty/assets/bootstrap-duallistbox/duallistbox/bootstrap-duallistbox.css]
[thetheme.io/flaty/assets/dropzone/downloads/images/spritemap.png]
[thetheme.io/flaty/assets/dropzone/downloads/images/spritemap@2x.png]
[thetheme.io/flaty/assets/dropzone/downloads/css/dropzone.css]
[thetheme.io/flaty/assets/bootstrap-colorpicker/img/saturation.png]
[thetheme.io/flaty/assets/bootstrap-colorpicker/img/hue.png]
[thetheme.io/flaty/assets/bootstrap-colorpicker/img/alpha.png]
[thetheme.io/flaty/assets/bootstrap-colorpicker/css/colorpicker.css]
[thetheme.io/flaty/assets/bootstrap-timepicker/compiled/timepicker.css]
[thetheme.io/flaty/assets/clockface/css/clockface.css]
[thetheme.io/flaty/assets/bootstrap-datepicker/css/datepicker.css]
[thetheme.io/flaty/assets/bootstrap-daterangepicker/daterangepicker.css]
[thetheme.io/flaty/assets/bootstrap-switch/static/stylesheets/bootstrap-switch.css]
[thetheme.io/flaty/assets/bootstrap-wysihtml5/bootstrap-wysihtml5.css]
[www.virtuosoft.eu/code/bootstrap-duallistbox/preview/bootstrap-duallistbox.jpg]
[thetheme.io/flaty/assets/bootstrap-duallistbox/libraries/modernizr/modernizr-custom.min.js]
[thetheme.io/flaty/assets/bootstrap-duallistbox/libraries/jquery-1.9.0.min.js]
[thetheme.io/flaty/assets/bootstrap-duallistbox/libraries/prettify/prettify.js]
[thetheme.io/flaty/assets/bootstrap-duallistbox/libraries/jquery-placeholder/jquery.placeholder.js]
[thetheme.io/flaty/assets/bootstrap-duallistbox/index.html]
[netdna.bootstrapcdn.com/twitter-bootstrap/2.3.2/css/bootstrap-combined.min.css]
[getbootstrap.com/2.3.2/assets/js/google-code-prettify/prettify.css]
[getbootstrap.com/2.3.2/assets/css/docs.css]
[bdmdesign.github.io/bootstrap-switch/static/stylesheets/flat-ui-fonts.css]
[s3.amazonaws.com/github/ribbons/forkme_right_red_aa0000.png]
[ajax.googleapis.com/ajax/libs/jquery/1.9.1/jquery.min.js]
[thetheme.io/flaty/assets/bootstrap-switch/examples/index.html]
[getbootstrap.com/2.3.2/assets/js/google-code-prettify/prettify.js]
[cdnjs.cloudflare.com/ajax/libs/twitter-bootstrap/2.3.2/js/bootstrap.min.js]
[thetheme.io/flaty/assets/data-tables/images/sort_both.png]
[thetheme.io/flaty/assets/data-tables/images/sort_asc.png]
[thetheme.io/flaty/assets/data-tables/images/sort_desc.png]
[thetheme.io/flaty/assets/data-tables/bootstrap3/dataTables.bootstrap.css]
[thetheme.io/flaty/assets/jqvmap/jqvmap/jqvmap.css]
[thetheme.io/flaty/assets/fullcalendar/fullcalendar/fullcalendar.css]
[thetheme.io/flaty/assets/prettyPhoto/images/prettyPhoto/default/sprite.png]
[thetheme.io/flaty/assets/prettyPhoto/images/prettyPhoto/default/sprite_x.png]
[thetheme.io/flaty/assets/prettyPhoto/images/prettyPhoto/default/sprite_y.png]
[thetheme.io/flaty/assets/prettyPhoto/images/prettyPhoto/default/sprite_next.png]
[thetheme.io/flaty/assets/prettyPhoto/images/prettyPhoto/default/sprite_prev.png]
[thetheme.io/flaty/assets/prettyPhoto/images/prettyPhoto/default/default_thumb.png]
[thetheme.io/flaty/assets/prettyPhoto/images/prettyPhoto/default/loader.gif]
[thetheme.io/flaty/assets/prettyPhoto/images/prettyPhoto/light_rounded/sprite.png]
[thetheme.io/flaty/assets/prettyPhoto/images/prettyPhoto/light_rounded/btnNext.png]
[thetheme.io/flaty/assets/prettyPhoto/images/prettyPhoto/light_rounded/btnPrevious.png]
[thetheme.io/flaty/assets/prettyPhoto/images/prettyPhoto/dark_rounded/sprite.png]
[thetheme.io/flaty/assets/prettyPhoto/images/prettyPhoto/dark_rounded/contentPattern.png]
[thetheme.io/flaty/assets/prettyPhoto/images/prettyPhoto/dark_rounded/btnNext.png]
[thetheme.io/flaty/assets/prettyPhoto/images/prettyPhoto/dark_rounded/btnPrevious.png]
[thetheme.io/flaty/assets/prettyPhoto/images/prettyPhoto/dark_rounded/loader.gif]
[thetheme.io/flaty/assets/prettyPhoto/images/prettyPhoto/dark_square/loader.gif]
[thetheme.io/flaty/assets/prettyPhoto/images/prettyPhoto/dark_square/sprite.png]
[thetheme.io/flaty/assets/prettyPhoto/images/prettyPhoto/dark_square/btnNext.png]
[thetheme.io/flaty/assets/prettyPhoto/images/prettyPhoto/dark_square/btnPrevious.png]
[thetheme.io/flaty/assets/prettyPhoto/images/prettyPhoto/light_square/sprite.png]
[thetheme.io/flaty/assets/prettyPhoto/images/prettyPhoto/light_square/btnNext.png]
[thetheme.io/flaty/assets/prettyPhoto/images/prettyPhoto/light_square/btnPrevious.png]
[thetheme.io/flaty/assets/prettyPhoto/images/prettyPhoto/facebook/sprite.png]
[thetheme.io/flaty/assets/prettyPhoto/images/prettyPhoto/facebook/contentPatternTop.png]
[thetheme.io/flaty/assets/prettyPhoto/images/prettyPhoto/facebook/contentPatternLeft.png]
[thetheme.io/flaty/assets/prettyPhoto/images/prettyPhoto/facebook/contentPatternRight.png]
[thetheme.io/flaty/assets/prettyPhoto/images/prettyPhoto/facebook/loader.gif]
[thetheme.io/flaty/assets/prettyPhoto/images/prettyPhoto/facebook/btnNext.png]
[thetheme.io/flaty/assets/prettyPhoto/images/prettyPhoto/facebook/btnPrevious.png]
[thetheme.io/flaty/assets/prettyPhoto/images/prettyPhoto/facebook/contentPatternBottom.png]
[thetheme.io/flaty/assets/prettyPhoto/images/prettyPhoto/light_rounded/loader.gif]
[thetheme.io/flaty/assets/prettyPhoto/css/prettyPhoto.css]
[thetheme.io/flaty/index-3.html]
[thetheme.io/flaty/set-skin.html]
[thetheme.io/flaty/assets/bootstrap-duallistbox/bootstrap/fonts/glyphicons-halflings-regular.eot]
[thetheme.io/flaty/assets/bootstrap-duallistbox/bootstrap/fonts/glyphicons-halflings-regulard41d.eot]
[thetheme.io/flaty/assets/bootstrap-duallistbox/bootstrap/fonts/glyphicons-halflings-regular.woff]
[thetheme.io/flaty/assets/bootstrap-duallistbox/bootstrap/fonts/glyphicons-halflings-regular.ttf]
[thetheme.io/flaty/assets/bootstrap-duallistbox/bootstrap/css/bootstrap.css]
[thetheme.io/flaty/assets/bootstrap-duallistbox/bootstrap/css/bootstrap-theme.css]
[thetheme.io/flaty/assets/bootstrap-duallistbox/libraries/prettify/prettify.css]
[thetheme.io/flaty/assets/bootstrap-duallistbox/bootstrap-duallistbox/bootstrap-duallistbox.html]
[thetheme.io/flaty/assets/bootstrap-duallistbox/bootstrap-duallistbox/jquery.bootstrap-duallistbox.html]
[netdna.bootstrapcdn.com/twitter-bootstrap/2.3.2/img/glyphicons-halflings.png]
[netdna.bootstrapcdn.com/twitter-bootstrap/2.3.2/img/glyphicons-halflings-white.png]
[netdna.bootstrapcdn.com/twitter-bootstrap/2.3.2/css/bootstrap-combined.min.css]
[getbootstrap.com/2.3.2/assets/js/google-code-prettify/prettify.css]
[getbootstrap.com/2.3.2/assets/img/bs-docs-masthead-pattern.png]
[getbootstrap.com/2.3.2/assets/img/glyphicons-halflings-white.png]
[getbootstrap.com/2.3.2/assets/css/docs.css]
[bdmdesign.github.io/bootstrap-switch/static/stylesheets/flat-ui-fonts.css]
[thetheme.io/flaty/assets/data-tables/images/sort_asc_disabled.html]
[thetheme.io/flaty/assets/data-tables/images/sort_desc_disabled.html]
[thetheme.io/flaty/assets/prettyPhoto/images/prettyPhoto/facebook/default_img-thumbnail.html]
[thetheme.io/flaty/assets/bootstrap-duallistbox/bootstrap/fonts/glyphicons-halflings-regular.svg]
[netdna.bootstrapcdn.com/font-awesome/3.2.1/css/font-awesome.css]
[netdna.bootstrapcdn.com/font-awesome/3.2.1/css/font-awesome.css]
